{
  "Entries": [
    {
      "RequestUri": "/subscriptions/b80cf239-2c72-47ab-b309-b26aec4656b1/providers/Microsoft.Search/register?api-version=2016-02-01",
      "EncodedRequestUri": "L3N1YnNjcmlwdGlvbnMvYjgwY2YyMzktMmM3Mi00N2FiLWIzMDktYjI2YWVjNDY1NmIxL3Byb3ZpZGVycy9NaWNyb3NvZnQuU2VhcmNoL3JlZ2lzdGVyP2FwaS12ZXJzaW9uPTIwMTYtMDItMDE=",
      "RequestMethod": "POST",
      "RequestBody": "",
      "RequestHeaders": {
        "x-ms-client-request-id": [
          "75226e9b-1a4d-46be-a227-302aa06492db"
        ],
        "accept-language": [
          "en-US"
        ],
        "User-Agent": [
          "Microsoft.Azure.Management.ResourceManager.ResourceManagementClient/1.1.1-preview"
        ]
      },
      "ResponseBody": "{\r\n  \"id\": \"/subscriptions/b80cf239-2c72-47ab-b309-b26aec4656b1/providers/Microsoft.Search\",\r\n  \"namespace\": \"Microsoft.Search\",\r\n  \"resourceTypes\": [\r\n    {\r\n      \"resourceType\": \"searchServices\",\r\n      \"locations\": [\r\n        \"West US\"\r\n      ],\r\n      \"apiVersions\": [\r\n        \"2015-08-19\",\r\n        \"2015-02-28\",\r\n        \"2014-07-31-Preview\"\r\n      ],\r\n      \"capabilities\": \"CrossResourceGroupResourceMove, CrossSubscriptionResourceMove\"\r\n    },\r\n    {\r\n      \"resourceType\": \"searchServicesCit\",\r\n      \"locations\": [\r\n        \"West US\"\r\n      ],\r\n      \"apiVersions\": [\r\n        \"2015-08-19\",\r\n        \"2015-02-28\",\r\n        \"2014-07-31-Preview\"\r\n      ],\r\n      \"capabilities\": \"CrossResourceGroupResourceMove, CrossSubscriptionResourceMove\"\r\n    },\r\n    {\r\n      \"resourceType\": \"searchServicesNxt\",\r\n      \"locations\": [\r\n        \"West US\"\r\n      ],\r\n      \"apiVersions\": [\r\n        \"2015-08-19\",\r\n        \"2015-02-28\",\r\n        \"2014-07-31-Preview\"\r\n      ],\r\n      \"capabilities\": \"CrossResourceGroupResourceMove, CrossSubscriptionResourceMove\"\r\n    },\r\n    {\r\n      \"resourceType\": \"searchServicesInt\",\r\n      \"locations\": [\r\n        \"West US\"\r\n      ],\r\n      \"apiVersions\": [\r\n        \"2015-08-19\",\r\n        \"2015-02-28\",\r\n        \"2014-07-31-Preview\"\r\n      ],\r\n      \"capabilities\": \"CrossResourceGroupResourceMove, CrossSubscriptionResourceMove\"\r\n    },\r\n    {\r\n      \"resourceType\": \"searchServicesPpe\",\r\n      \"locations\": [\r\n        \"West US\"\r\n      ],\r\n      \"apiVersions\": [\r\n        \"2015-08-19\",\r\n        \"2015-02-28\",\r\n        \"2014-07-31-Preview\"\r\n      ],\r\n      \"capabilities\": \"CrossResourceGroupResourceMove, CrossSubscriptionResourceMove\"\r\n    },\r\n    {\r\n      \"resourceType\": \"checkServiceNameAvailability\",\r\n      \"locations\": [],\r\n      \"apiVersions\": [\r\n        \"2015-02-28\",\r\n        \"2014-07-31-Preview\"\r\n      ]\r\n    },\r\n    {\r\n      \"resourceType\": \"checkServiceNameAvailabilityCit\",\r\n      \"locations\": [],\r\n      \"apiVersions\": [\r\n        \"2015-02-28\",\r\n        \"2014-07-31-Preview\"\r\n      ]\r\n    },\r\n    {\r\n      \"resourceType\": \"checkServiceNameAvailabilityNxt\",\r\n      \"locations\": [],\r\n      \"apiVersions\": [\r\n        \"2015-02-28\",\r\n        \"2014-07-31-Preview\"\r\n      ]\r\n    },\r\n    {\r\n      \"resourceType\": \"checkServiceNameAvailabilityInt\",\r\n      \"locations\": [],\r\n      \"apiVersions\": [\r\n        \"2015-02-28\",\r\n        \"2014-07-31-Preview\"\r\n      ]\r\n    },\r\n    {\r\n      \"resourceType\": \"checkServiceNameAvailabilityPpe\",\r\n      \"locations\": [],\r\n      \"apiVersions\": [\r\n        \"2015-02-28\",\r\n        \"2014-07-31-Preview\"\r\n      ]\r\n    },\r\n    {\r\n      \"resourceType\": \"checkNameAvailability\",\r\n      \"locations\": [],\r\n      \"apiVersions\": [\r\n        \"2015-08-19\"\r\n      ]\r\n    },\r\n    {\r\n      \"resourceType\": \"checkNameAvailabilityCit\",\r\n      \"locations\": [],\r\n      \"apiVersions\": [\r\n        \"2015-08-19\"\r\n      ]\r\n    },\r\n    {\r\n      \"resourceType\": \"checkNameAvailabilityNxt\",\r\n      \"locations\": [],\r\n      \"apiVersions\": [\r\n        \"2015-08-19\"\r\n      ]\r\n    },\r\n    {\r\n      \"resourceType\": \"checkNameAvailabilityInt\",\r\n      \"locations\": [],\r\n      \"apiVersions\": [\r\n        \"2015-08-19\"\r\n      ]\r\n    },\r\n    {\r\n      \"resourceType\": \"checkNameAvailabilityPpe\",\r\n      \"locations\": [],\r\n      \"apiVersions\": [\r\n        \"2015-08-19\"\r\n      ]\r\n    },\r\n    {\r\n      \"resourceType\": \"operations\",\r\n      \"locations\": [],\r\n      \"apiVersions\": [\r\n        \"2015-08-19\",\r\n        \"2015-02-28\"\r\n      ]\r\n    }\r\n  ],\r\n  \"registrationState\": \"Registered\"\r\n}",
      "ResponseHeaders": {
        "Content-Type": [
          "application/json; charset=utf-8"
        ],
        "Expires": [
          "-1"
        ],
        "Cache-Control": [
          "no-cache"
        ],
        "Date": [
          "Mon, 01 Aug 2016 19:34:11 GMT"
        ],
        "Pragma": [
          "no-cache"
        ],
        "Vary": [
          "Accept-Encoding"
        ],
        "x-ms-ratelimit-remaining-subscription-writes": [
          "1177"
        ],
        "x-ms-request-id": [
          "6d674fbb-233d-4676-88d9-dfd94c00f25e"
        ],
        "x-ms-correlation-request-id": [
          "6d674fbb-233d-4676-88d9-dfd94c00f25e"
        ],
        "x-ms-routing-request-id": [
          "CENTRALUS:20160801T193411Z:6d674fbb-233d-4676-88d9-dfd94c00f25e"
        ],
        "Strict-Transport-Security": [
          "max-age=31536000; includeSubDomains"
        ]
      },
      "StatusCode": 200
    },
    {
      "RequestUri": "/subscriptions/b80cf239-2c72-47ab-b309-b26aec4656b1/resourcegroups/azsmnet1585?api-version=2016-02-01",
      "EncodedRequestUri": "L3N1YnNjcmlwdGlvbnMvYjgwY2YyMzktMmM3Mi00N2FiLWIzMDktYjI2YWVjNDY1NmIxL3Jlc291cmNlZ3JvdXBzL2F6c21uZXQxNTg1P2FwaS12ZXJzaW9uPTIwMTYtMDItMDE=",
      "RequestMethod": "PUT",
      "RequestBody": "{\r\n  \"location\": \"West US\"\r\n}",
      "RequestHeaders": {
        "Content-Type": [
          "application/json; charset=utf-8"
        ],
        "Content-Length": [
          "29"
        ],
        "x-ms-client-request-id": [
          "0ad8752b-7822-4e64-bef7-df1226880687"
        ],
        "accept-language": [
          "en-US"
        ],
        "User-Agent": [
          "Microsoft.Azure.Management.ResourceManager.ResourceManagementClient/1.1.1-preview"
        ]
      },
      "ResponseBody": "{\r\n  \"id\": \"/subscriptions/b80cf239-2c72-47ab-b309-b26aec4656b1/resourceGroups/azsmnet1585\",\r\n  \"name\": \"azsmnet1585\",\r\n  \"location\": \"westus\",\r\n  \"properties\": {\r\n    \"provisioningState\": \"Succeeded\"\r\n  }\r\n}",
      "ResponseHeaders": {
        "Content-Length": [
          "175"
        ],
        "Content-Type": [
          "application/json; charset=utf-8"
        ],
        "Expires": [
          "-1"
        ],
        "Cache-Control": [
          "no-cache"
        ],
        "Date": [
          "Mon, 01 Aug 2016 19:34:11 GMT"
        ],
        "Pragma": [
          "no-cache"
        ],
        "x-ms-ratelimit-remaining-subscription-writes": [
          "1176"
        ],
        "x-ms-request-id": [
          "030ddd82-cc07-4241-b187-fbc606a88515"
        ],
        "x-ms-correlation-request-id": [
          "030ddd82-cc07-4241-b187-fbc606a88515"
        ],
        "x-ms-routing-request-id": [
          "CENTRALUS:20160801T193412Z:030ddd82-cc07-4241-b187-fbc606a88515"
        ],
        "Strict-Transport-Security": [
          "max-age=31536000; includeSubDomains"
        ]
      },
      "StatusCode": 201
    },
    {
      "RequestUri": "/subscriptions/b80cf239-2c72-47ab-b309-b26aec4656b1/resourceGroups/azsmnet1585/providers/Microsoft.Search/searchServices/azs-6929?api-version=2015-02-28",
      "EncodedRequestUri": "L3N1YnNjcmlwdGlvbnMvYjgwY2YyMzktMmM3Mi00N2FiLWIzMDktYjI2YWVjNDY1NmIxL3Jlc291cmNlR3JvdXBzL2F6c21uZXQxNTg1L3Byb3ZpZGVycy9NaWNyb3NvZnQuU2VhcmNoL3NlYXJjaFNlcnZpY2VzL2F6cy02OTI5P2FwaS12ZXJzaW9uPTIwMTUtMDItMjg=",
      "RequestMethod": "PUT",
      "RequestBody": "{\r\n  \"location\": \"West US\",\r\n  \"properties\": {\r\n    \"sku\": {\r\n      \"name\": \"free\"\r\n    }\r\n  }\r\n}",
      "RequestHeaders": {
        "Content-Type": [
          "application/json; charset=utf-8"
        ],
        "Content-Length": [
          "97"
        ],
        "x-ms-client-request-id": [
          "11a6922f-f307-4912-be87-46621b99bf79"
        ],
        "accept-language": [
          "en-US"
        ],
        "User-Agent": [
          "Microsoft.Azure.Management.Search.SearchManagementClient/0.9.0-preview"
        ]
      },
      "ResponseBody": "{\r\n  \"id\": \"/subscriptions/b80cf239-2c72-47ab-b309-b26aec4656b1/resourceGroups/azsmnet1585/providers/Microsoft.Search/searchServices/azs-6929\",\r\n  \"name\": \"azs-6929\",\r\n  \"type\": \"Microsoft.Search/searchServices\",\r\n  \"location\": \"West US\",\r\n  \"properties\": {\r\n    \"sku\": {\r\n      \"name\": \"free\"\r\n    },\r\n    \"replicaCount\": 1,\r\n    \"partitionCount\": 1,\r\n    \"status\": \"running\",\r\n    \"statusDetails\": null,\r\n    \"provisioningState\": \"succeeded\",\r\n    \"hostingMode\": \"Default\"\r\n  }\r\n}",
      "ResponseHeaders": {
        "Content-Length": [
          "387"
        ],
        "Content-Type": [
          "application/json; charset=utf-8"
        ],
        "Expires": [
          "-1"
        ],
        "Cache-Control": [
          "no-cache"
        ],
        "Date": [
          "Mon, 01 Aug 2016 19:34:16 GMT"
        ],
        "Pragma": [
          "no-cache"
        ],
        "ETag": [
          "W/\"datetime'2016-08-01T19%3A34%3A15.1692417Z'\""
        ],
        "request-id": [
          "11a6922f-f307-4912-be87-46621b99bf79"
        ],
        "elapsed-time": [
          "3324"
        ],
        "Strict-Transport-Security": [
          "max-age=31536000; includeSubDomains"
        ],
        "X-AspNet-Version": [
          "4.0.30319"
        ],
        "x-ms-ratelimit-remaining-subscription-writes": [
          "1182"
        ],
        "x-ms-request-id": [
          "9d599dfd-b29e-4325-a72a-09eaad53ebe1"
        ],
        "x-ms-correlation-request-id": [
          "9d599dfd-b29e-4325-a72a-09eaad53ebe1"
        ],
        "x-ms-routing-request-id": [
          "CENTRALUS:20160801T193416Z:9d599dfd-b29e-4325-a72a-09eaad53ebe1"
        ]
      },
      "StatusCode": 201
    },
    {
      "RequestUri": "/subscriptions/b80cf239-2c72-47ab-b309-b26aec4656b1/resourceGroups/azsmnet1585/providers/Microsoft.Search/searchServices/azs-6929/listAdminKeys?api-version=2015-02-28",
      "EncodedRequestUri": "L3N1YnNjcmlwdGlvbnMvYjgwY2YyMzktMmM3Mi00N2FiLWIzMDktYjI2YWVjNDY1NmIxL3Jlc291cmNlR3JvdXBzL2F6c21uZXQxNTg1L3Byb3ZpZGVycy9NaWNyb3NvZnQuU2VhcmNoL3NlYXJjaFNlcnZpY2VzL2F6cy02OTI5L2xpc3RBZG1pbktleXM/YXBpLXZlcnNpb249MjAxNS0wMi0yOA==",
      "RequestMethod": "POST",
      "RequestBody": "",
      "RequestHeaders": {
        "x-ms-client-request-id": [
          "7d109b2f-4d74-46ad-a6b5-b10df82c6826"
        ],
        "accept-language": [
          "en-US"
        ],
        "User-Agent": [
          "Microsoft.Azure.Management.Search.SearchManagementClient/0.9.0-preview"
        ]
      },
      "ResponseBody": "{\r\n  \"primaryKey\": \"D063870671D375BD0766AD6F8541CCAB\",\r\n  \"secondaryKey\": \"CD48B9A832C2D2E12682A4A7FC8B276E\"\r\n}",
      "ResponseHeaders": {
        "Content-Type": [
          "application/json; charset=utf-8"
        ],
        "Expires": [
          "-1"
        ],
        "Cache-Control": [
          "no-cache"
        ],
        "Date": [
          "Mon, 01 Aug 2016 19:34:18 GMT"
        ],
        "Pragma": [
          "no-cache"
        ],
        "Transfer-Encoding": [
          "chunked"
        ],
        "Vary": [
          "Accept-Encoding",
          "Accept-Encoding"
        ],
        "request-id": [
          "7d109b2f-4d74-46ad-a6b5-b10df82c6826"
        ],
        "elapsed-time": [
          "158"
        ],
        "Strict-Transport-Security": [
          "max-age=31536000; includeSubDomains"
        ],
        "X-AspNet-Version": [
          "4.0.30319"
        ],
        "x-ms-ratelimit-remaining-subscription-writes": [
          "1181"
        ],
        "x-ms-request-id": [
          "a5a10ccf-9344-4f3d-b47a-fab7ca80728f"
        ],
        "x-ms-correlation-request-id": [
          "a5a10ccf-9344-4f3d-b47a-fab7ca80728f"
        ],
        "x-ms-routing-request-id": [
          "CENTRALUS:20160801T193418Z:a5a10ccf-9344-4f3d-b47a-fab7ca80728f"
        ]
      },
      "StatusCode": 200
    },
    {
      "RequestUri": "/subscriptions/b80cf239-2c72-47ab-b309-b26aec4656b1/resourceGroups/azsmnet1585/providers/Microsoft.Search/searchServices/azs-6929/listQueryKeys?api-version=2015-02-28",
      "EncodedRequestUri": "L3N1YnNjcmlwdGlvbnMvYjgwY2YyMzktMmM3Mi00N2FiLWIzMDktYjI2YWVjNDY1NmIxL3Jlc291cmNlR3JvdXBzL2F6c21uZXQxNTg1L3Byb3ZpZGVycy9NaWNyb3NvZnQuU2VhcmNoL3NlYXJjaFNlcnZpY2VzL2F6cy02OTI5L2xpc3RRdWVyeUtleXM/YXBpLXZlcnNpb249MjAxNS0wMi0yOA==",
      "RequestMethod": "GET",
      "RequestBody": "",
      "RequestHeaders": {
        "x-ms-client-request-id": [
          "e616c5b9-7cba-46f5-b3e3-540601b6c38e"
        ],
        "accept-language": [
          "en-US"
        ],
        "User-Agent": [
          "Microsoft.Azure.Management.Search.SearchManagementClient/0.9.0-preview"
        ]
      },
      "ResponseBody": "{\r\n  \"value\": [\r\n    {\r\n      \"name\": null,\r\n      \"key\": \"1653621F213937824D4899DCC54C44A1\"\r\n    }\r\n  ],\r\n  \"nextLink\": null\r\n}",
      "ResponseHeaders": {
        "Content-Type": [
          "application/json; charset=utf-8"
        ],
        "Expires": [
          "-1"
        ],
        "Cache-Control": [
          "no-cache"
        ],
        "Date": [
          "Mon, 01 Aug 2016 19:34:18 GMT"
        ],
        "Pragma": [
          "no-cache"
        ],
        "Transfer-Encoding": [
          "chunked"
        ],
        "Vary": [
          "Accept-Encoding",
          "Accept-Encoding"
        ],
        "request-id": [
          "e616c5b9-7cba-46f5-b3e3-540601b6c38e"
        ],
        "elapsed-time": [
          "128"
        ],
        "Strict-Transport-Security": [
          "max-age=31536000; includeSubDomains"
        ],
        "X-AspNet-Version": [
          "4.0.30319"
        ],
        "x-ms-ratelimit-remaining-subscription-reads": [
          "14997"
        ],
        "x-ms-request-id": [
          "ad79082c-c615-4494-8e07-8aa61b7d4683"
        ],
        "x-ms-correlation-request-id": [
          "ad79082c-c615-4494-8e07-8aa61b7d4683"
        ],
        "x-ms-routing-request-id": [
          "CENTRALUS:20160801T193418Z:ad79082c-c615-4494-8e07-8aa61b7d4683"
        ]
      },
      "StatusCode": 200
    },
    {
      "RequestUri": "/indexes?api-version=2015-02-28-Preview",
      "EncodedRequestUri": "L2luZGV4ZXM/YXBpLXZlcnNpb249MjAxNS0wMi0yOC1QcmV2aWV3",
      "RequestMethod": "POST",
      "RequestBody": "{\r\n  \"name\": \"azsmnet9665\",\r\n  \"fields\": [\r\n    {\r\n      \"name\": \"hotelId\",\r\n      \"type\": \"Edm.String\",\r\n      \"key\": true,\r\n      \"searchable\": false,\r\n      \"filterable\": true,\r\n      \"sortable\": true,\r\n      \"facetable\": true,\r\n      \"retrievable\": true\r\n    },\r\n    {\r\n      \"name\": \"baseRate\",\r\n      \"type\": \"Edm.Double\",\r\n      \"key\": false,\r\n      \"searchable\": false,\r\n      \"filterable\": true,\r\n      \"sortable\": true,\r\n      \"facetable\": true,\r\n      \"retrievable\": true\r\n    },\r\n    {\r\n      \"name\": \"description\",\r\n      \"type\": \"Edm.String\",\r\n      \"key\": false,\r\n      \"searchable\": true,\r\n      \"filterable\": false,\r\n      \"sortable\": false,\r\n      \"facetable\": false,\r\n      \"retrievable\": true\r\n    },\r\n    {\r\n      \"name\": \"description_fr\",\r\n      \"type\": \"Edm.String\",\r\n      \"analyzer\": \"fr.lucene\",\r\n      \"key\": false,\r\n      \"searchable\": true,\r\n      \"filterable\": false,\r\n      \"sortable\": false,\r\n      \"facetable\": false,\r\n      \"retrievable\": true\r\n    },\r\n    {\r\n      \"name\": \"hotelName\",\r\n      \"type\": \"Edm.String\",\r\n      \"key\": false,\r\n      \"searchable\": true,\r\n      \"filterable\": true,\r\n      \"sortable\": true,\r\n      \"facetable\": true,\r\n      \"retrievable\": true\r\n    },\r\n    {\r\n      \"name\": \"category\",\r\n      \"type\": \"Edm.String\",\r\n      \"key\": false,\r\n      \"searchable\": true,\r\n      \"filterable\": true,\r\n      \"sortable\": true,\r\n      \"facetable\": true,\r\n      \"retrievable\": true\r\n    },\r\n    {\r\n      \"name\": \"tags\",\r\n      \"type\": \"Collection(Edm.String)\",\r\n      \"key\": false,\r\n      \"searchable\": true,\r\n      \"filterable\": true,\r\n      \"sortable\": false,\r\n      \"facetable\": true,\r\n      \"retrievable\": true\r\n    },\r\n    {\r\n      \"name\": \"parkingIncluded\",\r\n      \"type\": \"Edm.Boolean\",\r\n      \"key\": false,\r\n      \"searchable\": false,\r\n      \"filterable\": true,\r\n      \"sortable\": true,\r\n      \"facetable\": true,\r\n      \"retrievable\": true\r\n    },\r\n    {\r\n      \"name\": \"smokingAllowed\",\r\n      \"type\": \"Edm.Boolean\",\r\n      \"key\": false,\r\n      \"searchable\": false,\r\n      \"filterable\": true,\r\n      \"sortable\": true,\r\n      \"facetable\": true,\r\n      \"retrievable\": true\r\n    },\r\n    {\r\n      \"name\": \"lastRenovationDate\",\r\n      \"type\": \"Edm.DateTimeOffset\",\r\n      \"key\": false,\r\n      \"searchable\": false,\r\n      \"filterable\": true,\r\n      \"sortable\": true,\r\n      \"facetable\": true,\r\n      \"retrievable\": true\r\n    },\r\n    {\r\n      \"name\": \"rating\",\r\n      \"type\": \"Edm.Int32\",\r\n      \"key\": false,\r\n      \"searchable\": false,\r\n      \"filterable\": true,\r\n      \"sortable\": true,\r\n      \"facetable\": true,\r\n      \"retrievable\": true\r\n    },\r\n    {\r\n      \"name\": \"location\",\r\n      \"type\": \"Edm.GeographyPoint\",\r\n      \"key\": false,\r\n      \"searchable\": false,\r\n      \"filterable\": true,\r\n      \"sortable\": true,\r\n      \"facetable\": false,\r\n      \"retrievable\": true\r\n    },\r\n    {\r\n      \"name\": \"totalGuests\",\r\n      \"type\": \"Edm.Int64\",\r\n      \"key\": false,\r\n      \"searchable\": false,\r\n      \"filterable\": true,\r\n      \"sortable\": true,\r\n      \"facetable\": true,\r\n      \"retrievable\": false\r\n    },\r\n    {\r\n      \"name\": \"profitMargin\",\r\n      \"type\": \"Edm.Double\",\r\n      \"key\": false,\r\n      \"searchable\": false,\r\n      \"filterable\": false,\r\n      \"sortable\": false,\r\n      \"facetable\": false,\r\n      \"retrievable\": true\r\n    }\r\n  ],\r\n  \"scoringProfiles\": [\r\n    {\r\n      \"name\": \"MyProfile\",\r\n      \"text\": {\r\n        \"weights\": {\r\n          \"description\": 1.5,\r\n          \"category\": 2.0\r\n        }\r\n      },\r\n      \"functions\": [\r\n        {\r\n          \"type\": \"magnitude\",\r\n          \"magnitude\": {\r\n            \"boostingRangeStart\": 1.0,\r\n            \"boostingRangeEnd\": 4.0,\r\n            \"constantBoostBeyondRange\": true\r\n          },\r\n          \"fieldName\": \"rating\",\r\n          \"boost\": 2.0,\r\n          \"interpolation\": \"constant\"\r\n        },\r\n        {\r\n          \"type\": \"distance\",\r\n          \"distance\": {\r\n            \"referencePointParameter\": \"loc\",\r\n            \"boostingDistance\": 5.0\r\n          },\r\n          \"fieldName\": \"location\",\r\n          \"boost\": 1.5,\r\n          \"interpolation\": \"linear\"\r\n        },\r\n        {\r\n          \"type\": \"freshness\",\r\n          \"freshness\": {\r\n            \"boostingDuration\": \"P365D\"\r\n          },\r\n          \"fieldName\": \"lastRenovationDate\",\r\n          \"boost\": 1.1,\r\n          \"interpolation\": \"logarithmic\"\r\n        }\r\n      ],\r\n      \"functionAggregation\": \"average\"\r\n    },\r\n    {\r\n      \"name\": \"ProfileTwo\",\r\n      \"functions\": [\r\n        {\r\n          \"type\": \"tag\",\r\n          \"tag\": {\r\n            \"tagsParameter\": \"mytags\"\r\n          },\r\n          \"fieldName\": \"tags\",\r\n          \"boost\": 1.5,\r\n          \"interpolation\": \"linear\"\r\n        }\r\n      ],\r\n      \"functionAggregation\": \"maximum\"\r\n    },\r\n    {\r\n      \"name\": \"ProfileThree\",\r\n      \"functions\": [\r\n        {\r\n          \"type\": \"magnitude\",\r\n          \"magnitude\": {\r\n            \"boostingRangeStart\": 0.0,\r\n            \"boostingRangeEnd\": 10.0,\r\n            \"constantBoostBeyondRange\": false\r\n          },\r\n          \"fieldName\": \"rating\",\r\n          \"boost\": 3.0,\r\n          \"interpolation\": \"quadratic\"\r\n        }\r\n      ],\r\n      \"functionAggregation\": \"minimum\"\r\n    },\r\n    {\r\n      \"name\": \"ProfileFour\",\r\n      \"functions\": [\r\n        {\r\n          \"type\": \"magnitude\",\r\n          \"magnitude\": {\r\n            \"boostingRangeStart\": 1.0,\r\n            \"boostingRangeEnd\": 5.0,\r\n            \"constantBoostBeyondRange\": false\r\n          },\r\n          \"fieldName\": \"rating\",\r\n          \"boost\": 3.14,\r\n          \"interpolation\": \"constant\"\r\n        }\r\n      ],\r\n      \"functionAggregation\": \"firstMatching\"\r\n    }\r\n  ],\r\n  \"defaultScoringProfile\": \"MyProfile\",\r\n  \"corsOptions\": {\r\n    \"allowedOrigins\": [\r\n      \"http://tempuri.org\",\r\n      \"http://localhost:80\"\r\n    ],\r\n    \"maxAgeInSeconds\": 60\r\n  },\r\n  \"suggesters\": [\r\n    {\r\n      \"name\": \"FancySuggester\",\r\n      \"searchMode\": \"analyzingInfixMatching\",\r\n      \"sourceFields\": [\r\n        \"hotelName\"\r\n      ]\r\n    }\r\n  ]\r\n}",
      "RequestHeaders": {
        "Content-Type": [
          "application/json; charset=utf-8"
        ],
        "Content-Length": [
          "5968"
        ],
        "client-request-id": [
          "5a54d0a1-86b1-4c39-ae61-a3c5bf2b14d2"
        ],
        "accept-language": [
          "en-US"
        ],
        "api-key": [
          "D063870671D375BD0766AD6F8541CCAB"
        ],
        "Prefer": [
          "return=representation"
        ],
        "User-Agent": [
          "Microsoft.Azure.Search.SearchServiceClient/2.0.0-preview"
        ]
      },
      "ResponseBody": "{\"@odata.context\":\"https://azs-6929.search-dogfood.windows-int.net/$metadata#indexes/$entity\",\"@odata.etag\":\"\\\"0x8D3BA42D5275B80\\\"\",\"name\":\"azsmnet9665\",\"fields\":[{\"name\":\"hotelId\",\"type\":\"Edm.String\",\"searchable\":false,\"filterable\":true,\"retrievable\":true,\"sortable\":true,\"facetable\":true,\"key\":true,\"indexAnalyzer\":null,\"searchAnalyzer\":null,\"analyzer\":null,\"synonymMaps\":[]},{\"name\":\"baseRate\",\"type\":\"Edm.Double\",\"searchable\":false,\"filterable\":true,\"retrievable\":true,\"sortable\":true,\"facetable\":true,\"key\":false,\"indexAnalyzer\":null,\"searchAnalyzer\":null,\"analyzer\":null,\"synonymMaps\":[]},{\"name\":\"description\",\"type\":\"Edm.String\",\"searchable\":true,\"filterable\":false,\"retrievable\":true,\"sortable\":false,\"facetable\":false,\"key\":false,\"indexAnalyzer\":null,\"searchAnalyzer\":null,\"analyzer\":null,\"synonymMaps\":[]},{\"name\":\"description_fr\",\"type\":\"Edm.String\",\"searchable\":true,\"filterable\":false,\"retrievable\":true,\"sortable\":false,\"facetable\":false,\"key\":false,\"indexAnalyzer\":null,\"searchAnalyzer\":null,\"analyzer\":\"fr.lucene\",\"synonymMaps\":[]},{\"name\":\"hotelName\",\"type\":\"Edm.String\",\"searchable\":true,\"filterable\":true,\"retrievable\":true,\"sortable\":true,\"facetable\":true,\"key\":false,\"indexAnalyzer\":null,\"searchAnalyzer\":null,\"analyzer\":null,\"synonymMaps\":[]},{\"name\":\"category\",\"type\":\"Edm.String\",\"searchable\":true,\"filterable\":true,\"retrievable\":true,\"sortable\":true,\"facetable\":true,\"key\":false,\"indexAnalyzer\":null,\"searchAnalyzer\":null,\"analyzer\":null,\"synonymMaps\":[]},{\"name\":\"tags\",\"type\":\"Collection(Edm.String)\",\"searchable\":true,\"filterable\":true,\"retrievable\":true,\"sortable\":false,\"facetable\":true,\"key\":false,\"indexAnalyzer\":null,\"searchAnalyzer\":null,\"analyzer\":null,\"synonymMaps\":[]},{\"name\":\"parkingIncluded\",\"type\":\"Edm.Boolean\",\"searchable\":false,\"filterable\":true,\"retrievable\":true,\"sortable\":true,\"facetable\":true,\"key\":false,\"indexAnalyzer\":null,\"searchAnalyzer\":null,\"analyzer\":null,\"synonymMaps\":[]},{\"name\":\"smokingAllowed\",\"type\":\"Edm.Boolean\",\"searchable\":false,\"filterable\":true,\"retrievable\":true,\"sortable\":true,\"facetable\":true,\"key\":false,\"indexAnalyzer\":null,\"searchAnalyzer\":null,\"analyzer\":null,\"synonymMaps\":[]},{\"name\":\"lastRenovationDate\",\"type\":\"Edm.DateTimeOffset\",\"searchable\":false,\"filterable\":true,\"retrievable\":true,\"sortable\":true,\"facetable\":true,\"key\":false,\"indexAnalyzer\":null,\"searchAnalyzer\":null,\"analyzer\":null,\"synonymMaps\":[]},{\"name\":\"rating\",\"type\":\"Edm.Int32\",\"searchable\":false,\"filterable\":true,\"retrievable\":true,\"sortable\":true,\"facetable\":true,\"key\":false,\"indexAnalyzer\":null,\"searchAnalyzer\":null,\"analyzer\":null,\"synonymMaps\":[]},{\"name\":\"location\",\"type\":\"Edm.GeographyPoint\",\"searchable\":false,\"filterable\":true,\"retrievable\":true,\"sortable\":true,\"facetable\":false,\"key\":false,\"indexAnalyzer\":null,\"searchAnalyzer\":null,\"analyzer\":null,\"synonymMaps\":[]},{\"name\":\"totalGuests\",\"type\":\"Edm.Int64\",\"searchable\":false,\"filterable\":true,\"retrievable\":false,\"sortable\":true,\"facetable\":true,\"key\":false,\"indexAnalyzer\":null,\"searchAnalyzer\":null,\"analyzer\":null,\"synonymMaps\":[]},{\"name\":\"profitMargin\",\"type\":\"Edm.Double\",\"searchable\":false,\"filterable\":false,\"retrievable\":true,\"sortable\":false,\"facetable\":false,\"key\":false,\"indexAnalyzer\":null,\"searchAnalyzer\":null,\"analyzer\":null,\"synonymMaps\":[]}],\"scoringProfiles\":[{\"name\":\"MyProfile\",\"text\":{\"weights\":{\"description\":1.5,\"category\":2.0}},\"functions\":[{\"fieldName\":\"rating\",\"freshness\":null,\"interpolation\":\"constant\",\"magnitude\":{\"boostingRangeStart\":1.0,\"boostingRangeEnd\":4.0,\"constantBoostBeyondRange\":true},\"distance\":null,\"tag\":null,\"type\":\"magnitude\",\"boost\":2.0},{\"fieldName\":\"location\",\"freshness\":null,\"interpolation\":\"linear\",\"magnitude\":null,\"distance\":{\"referencePointParameter\":\"loc\",\"boostingDistance\":5.0},\"tag\":null,\"type\":\"distance\",\"boost\":1.5},{\"fieldName\":\"lastRenovationDate\",\"freshness\":{\"boostingDuration\":\"P365D\"},\"interpolation\":\"logarithmic\",\"magnitude\":null,\"distance\":null,\"tag\":null,\"type\":\"freshness\",\"boost\":1.1}],\"functionAggregation\":\"average\"},{\"name\":\"ProfileTwo\",\"text\":null,\"functions\":[{\"fieldName\":\"tags\",\"freshness\":null,\"interpolation\":\"linear\",\"magnitude\":null,\"distance\":null,\"tag\":{\"tagsParameter\":\"mytags\"},\"type\":\"tag\",\"boost\":1.5}],\"functionAggregation\":\"maximum\"},{\"name\":\"ProfileThree\",\"text\":null,\"functions\":[{\"fieldName\":\"rating\",\"freshness\":null,\"interpolation\":\"quadratic\",\"magnitude\":{\"boostingRangeStart\":0.0,\"boostingRangeEnd\":10.0,\"constantBoostBeyondRange\":false},\"distance\":null,\"tag\":null,\"type\":\"magnitude\",\"boost\":3.0}],\"functionAggregation\":\"minimum\"},{\"name\":\"ProfileFour\",\"text\":null,\"functions\":[{\"fieldName\":\"rating\",\"freshness\":null,\"interpolation\":\"constant\",\"magnitude\":{\"boostingRangeStart\":1.0,\"boostingRangeEnd\":5.0,\"constantBoostBeyondRange\":false},\"distance\":null,\"tag\":null,\"type\":\"magnitude\",\"boost\":3.14}],\"functionAggregation\":\"firstMatching\"}],\"defaultScoringProfile\":\"MyProfile\",\"corsOptions\":{\"allowedOrigins\":[\"http://tempuri.org\",\"http://localhost:80\"],\"maxAgeInSeconds\":60},\"suggesters\":[{\"name\":\"FancySuggester\",\"searchMode\":\"analyzingInfixMatching\",\"sourceFields\":[\"hotelName\"]}],\"analyzers\":[],\"tokenizers\":[],\"tokenFilters\":[],\"charFilters\":[]}",
      "ResponseHeaders": {
        "Content-Length": [
          "5165"
        ],
        "Content-Type": [
          "application/json; odata.metadata=minimal"
        ],
        "Expires": [
          "-1"
        ],
        "Cache-Control": [
          "no-cache"
        ],
        "Date": [
          "Mon, 01 Aug 2016 19:34:20 GMT"
        ],
        "Pragma": [
          "no-cache"
        ],
        "ETag": [
          "W/\"0x8D3BA42D5275B80\""
        ],
        "Location": [
          "https://azs-6929.search-dogfood.windows-int.net/indexes('azsmnet9665')?api-version=2015-02-28-Preview"
        ],
        "request-id": [
          "5a54d0a1-86b1-4c39-ae61-a3c5bf2b14d2"
        ],
        "elapsed-time": [
          "1050"
        ],
        "OData-Version": [
          "4.0"
        ],
        "Preference-Applied": [
          "odata.include-annotations=\"*\""
        ],
        "Strict-Transport-Security": [
          "max-age=15724800; includeSubDomains"
        ]
      },
      "StatusCode": 201
    },
    {
      "RequestUri": "/indexes('azsmnet9665')/search.stats?api-version=2015-02-28-Preview",
      "EncodedRequestUri": "L2luZGV4ZXMoJ2F6c21uZXQ5NjY1Jykvc2VhcmNoLnN0YXRzP2FwaS12ZXJzaW9uPTIwMTUtMDItMjgtUHJldmlldw==",
      "RequestMethod": "GET",
      "RequestBody": "",
      "RequestHeaders": {
        "client-request-id": [
          "95782ce5-fb7e-4161-bc45-a0a37e09eacd"
        ],
        "accept-language": [
          "en-US"
        ],
        "api-key": [
          "D063870671D375BD0766AD6F8541CCAB"
        ],
        "Prefer": [
          "return=representation"
        ],
        "User-Agent": [
          "Microsoft.Azure.Search.SearchServiceClient/2.0.0-preview"
        ]
      },
      "ResponseBody": "{\"@odata.context\":\"https://azs-6929.search-dogfood.windows-int.net/$metadata#Microsoft.Azure.Search.V2015_02_28_Preview.IndexStatistics\",\"documentCount\":0,\"storageSize\":0}",
      "ResponseHeaders": {
        "Content-Type": [
          "application/json; odata.metadata=minimal; odata.streaming=true"
        ],
        "Expires": [
          "-1"
        ],
        "Cache-Control": [
          "no-cache"
        ],
        "Date": [
          "Mon, 01 Aug 2016 19:34:20 GMT"
        ],
        "Pragma": [
          "no-cache"
        ],
        "Vary": [
          "Accept-Encoding"
        ],
        "request-id": [
          "95782ce5-fb7e-4161-bc45-a0a37e09eacd"
        ],
        "elapsed-time": [
          "117"
        ],
        "OData-Version": [
          "4.0"
        ],
        "Preference-Applied": [
          "odata.include-annotations=\"*\""
        ],
        "Strict-Transport-Security": [
          "max-age=15724800; includeSubDomains"
        ]
      },
      "StatusCode": 200
    },
    {
      "RequestUri": "/subscriptions/b80cf239-2c72-47ab-b309-b26aec4656b1/resourceGroups/azsmnet1585/providers/Microsoft.Search/searchServices/azs-6929?api-version=2015-02-28",
      "EncodedRequestUri": "L3N1YnNjcmlwdGlvbnMvYjgwY2YyMzktMmM3Mi00N2FiLWIzMDktYjI2YWVjNDY1NmIxL3Jlc291cmNlR3JvdXBzL2F6c21uZXQxNTg1L3Byb3ZpZGVycy9NaWNyb3NvZnQuU2VhcmNoL3NlYXJjaFNlcnZpY2VzL2F6cy02OTI5P2FwaS12ZXJzaW9uPTIwMTUtMDItMjg=",
      "RequestMethod": "DELETE",
      "RequestBody": "",
      "RequestHeaders": {
        "x-ms-client-request-id": [
          "06e5fe51-a16d-43d4-a865-825aa071702c"
        ],
        "accept-language": [
          "en-US"
        ],
        "User-Agent": [
          "Microsoft.Azure.Management.Search.SearchManagementClient/0.9.0-preview"
        ]
      },
      "ResponseBody": "",
      "ResponseHeaders": {
        "Content-Length": [
          "0"
        ],
        "Expires": [
          "-1"
        ],
        "Cache-Control": [
          "no-cache"
        ],
        "Date": [
          "Mon, 01 Aug 2016 19:34:22 GMT"
        ],
        "Pragma": [
          "no-cache"
        ],
        "request-id": [
          "06e5fe51-a16d-43d4-a865-825aa071702c"
        ],
        "elapsed-time": [
          "324"
        ],
        "Strict-Transport-Security": [
          "max-age=31536000; includeSubDomains"
        ],
        "X-AspNet-Version": [
          "4.0.30319"
        ],
        "x-ms-ratelimit-remaining-subscription-writes": [
          "1163"
        ],
        "x-ms-request-id": [
          "5faa8c1d-c0cc-44dd-89e3-cc751393dd57"
        ],
        "x-ms-correlation-request-id": [
          "5faa8c1d-c0cc-44dd-89e3-cc751393dd57"
        ],
        "x-ms-routing-request-id": [
          "CENTRALUS:20160801T193423Z:5faa8c1d-c0cc-44dd-89e3-cc751393dd57"
        ]
      },
      "StatusCode": 200
    }
  ],
  "Names": {
    "GenerateName": [
      "azsmnet1585",
      "azsmnet9665"
    ],
    "GenerateServiceName": [
      "azs-6929"
    ]
  },
  "Variables": {
    "SubscriptionId": "b80cf239-2c72-47ab-b309-b26aec4656b1"
  }
}